../Core/Src/main.c:79:5:main	8	static
../Core/Src/main.c:134:6:SystemClock_Config	88	static
../Core/Src/main.c:189:13:MX_TIM1_Init	56	static
../Core/Src/main.c:239:13:MX_USART1_UART_Init	8	static
../Core/Src/main.c:272:13:MX_USART2_UART_Init	8	static
../Core/Src/main.c:306:13:MX_GPIO_Init	40	static
../Core/Src/main.c:363:6:HAL_GPIO_EXTI_Callback	16	static
../Core/Src/main.c:436:6:HAL_TIM_PeriodElapsedCallback	16	static
../Core/Src/main.c:445:1:__io_putchar	16	static
../Core/Src/main.c:454:6:count_encoder_value	8	static
../Core/Src/main.c:460:9:save_100mm_encoder_counter	16	static
../Core/Src/main.c:489:10:read_100mm_encoder_counter	8	static
../Core/Src/main.c:510:6:Error_Handler	4	static,ignoring_inline_asm
